// Jest Snapshot v1, https://goo.gl/fbAQLP

exports[`download match snapshot 1`] = `
<div
  class="container"
>
  <h1>
    Do pobrania
  </h1>
   
  <a
    class="link"
    href="/files/Karta_próby_na_sprawność.pdf"
  >
    Karta próby na sprawność
  </a>
   
  <a
    class="link"
    href="/files/Próba_Harcerza.pdf"
  >
    Próba Harcerza
  </a>
</div>
`;
